Task:
As part of the temporary assignment to the Nautilus project, a developer named jim requires access for a limited duration. To ensure smooth access management, a temporary user account with an expiry date is needed. Here's what you need to do:

Create a user named jim on App Server 3 in Stratos Datacenter. Set the expiry date to 2024-02-17, ensuring the user is created in lowercase as per standard protocol.


Answer:
thor@jumphost ~$ ssh banner@stapp03
The authenticity of host 'stapp03 (172.16.238.12)' can't be established.
ED25519 key fingerprint is SHA256:LcnUyD+xiQBil+qDwoiORmfwcx7Y8WVn4ZzbzP5Bv8M.
This key is not known by any other names
Are you sure you want to continue connecting (yes/no/[fingerprint])? yes
Warning: Permanently added 'stapp03' (ED25519) to the list of known hosts.
banner@stapp03's password: 
[banner@stapp03 ~]$ sudo useradd -e 2024-02-17 jim

We trust you have received the usual lecture from the local System
Administrator. It usually boils down to these three things:

    #1) Respect the privacy of others.
    #2) Think before you type.
    #3) With great power comes great responsibility.

[sudo] password for banner: 
[banner@stapp03 ~]$ id jim
uid=1002(jim) gid=1002(jim) groups=1002(jim)
[banner@stapp03 ~]$ sudo - jim
sudo: -: command not found
[banner@stapp03 ~]$ su jim
Password: 
su: Authentication failure
[banner@stapp03 ~]$ change -l jim
-bash: change: command not found
[banner@stapp03 ~]$ chage -l jim
chage: Permission denied.
[banner@stapp03 ~]$ sudo chage -l jim
Last password change                                    : Sep 22, 2024
Password expires                                        : never
Password inactive                                       : never
Account expires                                         : Feb 17, 2024
Minimum number of days between password change          : 0
Maximum number of days between password change          : 99999
Number of days of warning before password expires       : 7
[banner@stapp03 ~]$ 
